// Jest Snapshot v1, https://goo.gl/fbAQLP

exports[`Testing the Layout Layout is rendered 1`] = `
<div>
  <header>
    <nav
      className="nav"
    >
      <div
        className="logo Flex-1"
      >
        <a
          href="/"
          onClick={[Function]}
        >
          <img
            alt="Spacex"
            src="/logo.png"
          />
        </a>
        <h2>
          Space Travellers Hub
        </h2>
      </div>
      <ul
        className="navLinks Flex-1"
      >
        <li
          className="linkItems"
        >
          <a
            className=""
            href="/rockets"
            onClick={[Function]}
          >
            Rockets
          </a>
        </li>
        <li
          className="linkItems mission-link"
        >
          <a
            className=""
            href="/missions"
            onClick={[Function]}
          >
            Missions
          </a>
        </li>
        <li
          className="linkItems"
        >
          <a
            className=""
            href="/my-profile"
            onClick={[Function]}
          >
            My Profile
          </a>
        </li>
      </ul>
    </nav>
  </header>
  <main
    className="main"
  />
</div>
`;
